[     255ms] [INFO] %cDownload the React DevTools for a better development experience: https://react.dev/link/react-devtools font-weight:bold @ http://localhost:3000/_next/static/chunks/09r7_next_dist_0x9v~yo._.js:2477
[     321ms] [LOG] [HMR] connected @ http://localhost:3000/_next/static/chunks/09r7_next_dist_0x9v~yo._.js:2477
[   16563ms] [LOG] [Fast Refresh] rebuilding @ http://localhost:3000/_next/static/chunks/09r7_next_dist_0x9v~yo._.js:2477
[   17948ms] [LOG] [Fast Refresh] done in 1486ms @ http://localhost:3000/_next/static/chunks/09r7_next_dist_0x9v~yo._.js:2477
[   18209ms] [LOG] [Fast Refresh] rebuilding @ http://localhost:3000/_next/static/chunks/09r7_next_dist_0x9v~yo._.js:2477
[   18251ms] [LOG] [Fast Refresh] done in 142ms @ http://localhost:3000/_next/static/chunks/09r7_next_dist_0x9v~yo._.js:2477
[  238014ms] [LOG] [Fast Refresh] rebuilding @ http://localhost:3000/_next/static/chunks/09r7_next_dist_0x9v~yo._.js:2477
[  238087ms] [LOG] [Fast Refresh] done in 175ms @ http://localhost:3000/_next/static/chunks/09r7_next_dist_0x9v~yo._.js:2477
[  270523ms] [ERROR] WebSocket connection to 'ws://localhost:3000/_next/webpack-hmr?id=UN8QHe7JWRsEi5OpV5hS0' failed: Error in connection establishment: net::ERR_CONNECTION_REFUSED @ http://localhost:3000/_next/static/chunks/09r7_next_dist_client_0n46x19._.js:13322
[  271529ms] [ERROR] WebSocket connection to 'ws://localhost:3000/_next/webpack-hmr?id=UN8QHe7JWRsEi5OpV5hS0' failed: Error in connection establishment: net::ERR_CONNECTION_REFUSED @ http://localhost:3000/_next/static/chunks/09r7_next_dist_client_0n46x19._.js:13322
[  272534ms] [ERROR] WebSocket connection to 'ws://localhost:3000/_next/webpack-hmr?id=UN8QHe7JWRsEi5OpV5hS0' failed: Error in connection establishment: net::ERR_CONNECTION_REFUSED @ http://localhost:3000/_next/static/chunks/09r7_next_dist_client_0n46x19._.js:13322
[  273537ms] [ERROR] WebSocket connection to 'ws://localhost:3000/_next/webpack-hmr?id=UN8QHe7JWRsEi5OpV5hS0' failed: Error in connection establishment: net::ERR_CONNECTION_REFUSED @ http://localhost:3000/_next/static/chunks/09r7_next_dist_client_0n46x19._.js:13322
[  274540ms] [ERROR] WebSocket connection to 'ws://localhost:3000/_next/webpack-hmr?id=UN8QHe7JWRsEi5OpV5hS0' failed: Error in connection establishment: net::ERR_CONNECTION_REFUSED @ http://localhost:3000/_next/static/chunks/09r7_next_dist_client_0n46x19._.js:13322
[  279552ms] [LOG] [HMR] connected @ http://localhost:3000/_next/static/chunks/09r7_next_dist_0x9v~yo._.js:2477
[  279892ms] [INFO] %cDownload the React DevTools for a better development experience: https://react.dev/link/react-devtools font-weight:bold @ http://localhost:3000/_next/static/chunks/09r7_next_dist_0x9v~yo._.js:2477
[  279929ms] [LOG] [HMR] connected @ http://localhost:3000/_next/static/chunks/09r7_next_dist_0x9v~yo._.js:2477
[  543411ms] [LOG] [Fast Refresh] rebuilding @ http://localhost:3000/_next/static/chunks/09r7_next_dist_0x9v~yo._.js:2477
[  543851ms] [LOG] [Fast Refresh] done in 489ms @ http://localhost:3000/_next/static/chunks/09r7_next_dist_0x9v~yo._.js:2477
[  552429ms] [LOG] [Fast Refresh] rebuilding @ http://localhost:3000/_next/static/chunks/09r7_next_dist_0x9v~yo._.js:2477
[  552948ms] [LOG] [Fast Refresh] done in 614ms @ http://localhost:3000/_next/static/chunks/09r7_next_dist_0x9v~yo._.js:2477
[  553106ms] [LOG] [Fast Refresh] rebuilding @ http://localhost:3000/_next/static/chunks/09r7_next_dist_0x9v~yo._.js:2477
[  553151ms] [LOG] [Fast Refresh] done in 147ms @ http://localhost:3000/_next/static/chunks/09r7_next_dist_0x9v~yo._.js:2477
[  562772ms] [ERROR] WebSocket connection to 'ws://localhost:3000/_next/webpack-hmr?id=BUnF3z2ZZwgWTjcURLJS7' failed: Error in connection establishment: net::ERR_CONNECTION_REFUSED @ http://localhost:3000/_next/static/chunks/09r7_next_dist_client_0n46x19._.js:13322
[  563776ms] [ERROR] WebSocket connection to 'ws://localhost:3000/_next/webpack-hmr?id=BUnF3z2ZZwgWTjcURLJS7' failed: Error in connection establishment: net::ERR_CONNECTION_REFUSED @ http://localhost:3000/_next/static/chunks/09r7_next_dist_client_0n46x19._.js:13322
[  564782ms] [LOG] [HMR] connected @ http://localhost:3000/_next/static/chunks/09r7_next_dist_0x9v~yo._.js:2477
[  565550ms] [INFO] %cDownload the React DevTools for a better development experience: https://react.dev/link/react-devtools font-weight:bold @ http://localhost:3000/_next/static/chunks/09r7_next_dist_0x9v~yo._.js:2477
[  565607ms] [LOG] [HMR] connected @ http://localhost:3000/_next/static/chunks/09r7_next_dist_0x9v~yo._.js:2477
[  724782ms] [LOG] [Fast Refresh] rebuilding @ http://localhost:3000/_next/static/chunks/09r7_next_dist_0x9v~yo._.js:2477
[  725115ms] [LOG] [Fast Refresh] done in 385ms @ http://localhost:3000/_next/static/chunks/09r7_next_dist_0x9v~yo._.js:2477
[ 1210402ms] [LOG] [Fast Refresh] rebuilding @ http://localhost:3000/_next/static/chunks/09r7_next_dist_0x9v~yo._.js:2477
[ 1210739ms] [LOG] [Fast Refresh] done in 68ms @ http://localhost:3000/_next/static/chunks/09r7_next_dist_0x9v~yo._.js:2477
[ 1210988ms] [LOG] [Fast Refresh] rebuilding @ http://localhost:3000/_next/static/chunks/09r7_next_dist_0x9v~yo._.js:2477
[ 1211014ms] [LOG] [Fast Refresh] done in 126ms @ http://localhost:3000/_next/static/chunks/09r7_next_dist_0x9v~yo._.js:2477
[ 1211424ms] [LOG] [Fast Refresh] rebuilding @ http://localhost:3000/_next/static/chunks/09r7_next_dist_0x9v~yo._.js:2477
[ 1211455ms] [LOG] [Fast Refresh] done in 131ms @ http://localhost:3000/_next/static/chunks/09r7_next_dist_0x9v~yo._.js:2477
[ 1211605ms] [LOG] [Fast Refresh] rebuilding @ http://localhost:3000/_next/static/chunks/09r7_next_dist_0x9v~yo._.js:2477
[ 1211652ms] [LOG] [Fast Refresh] done in 147ms @ http://localhost:3000/_next/static/chunks/09r7_next_dist_0x9v~yo._.js:2477
[ 1212024ms] [LOG] [Fast Refresh] rebuilding @ http://localhost:3000/_next/static/chunks/09r7_next_dist_0x9v~yo._.js:2477
[ 1212027ms] [LOG] [Fast Refresh] done in 105ms @ http://localhost:3000/_next/static/chunks/09r7_next_dist_0x9v~yo._.js:2477
[ 1212266ms] [LOG] [Fast Refresh] rebuilding @ http://localhost:3000/_next/static/chunks/09r7_next_dist_0x9v~yo._.js:2477
[ 1212327ms] [LOG] [Fast Refresh] done in 162ms @ http://localhost:3000/_next/static/chunks/09r7_next_dist_0x9v~yo._.js:2477
[ 1212497ms] [LOG] [Fast Refresh] rebuilding @ http://localhost:3000/_next/static/chunks/09r7_next_dist_0x9v~yo._.js:2477
[ 1212557ms] [LOG] [Fast Refresh] done in 160ms @ http://localhost:3000/_next/static/chunks/09r7_next_dist_0x9v~yo._.js:2477
[ 1212726ms] [LOG] [Fast Refresh] rebuilding @ http://localhost:3000/_next/static/chunks/09r7_next_dist_0x9v~yo._.js:2477
[ 1212780ms] [LOG] [Fast Refresh] done in 155ms @ http://localhost:3000/_next/static/chunks/09r7_next_dist_0x9v~yo._.js:2477
[ 1213624ms] [LOG] [Fast Refresh] rebuilding @ http://localhost:3000/_next/static/chunks/09r7_next_dist_0x9v~yo._.js:2477
[ 1213648ms] [LOG] [Fast Refresh] done in 125ms @ http://localhost:3000/_next/static/chunks/09r7_next_dist_0x9v~yo._.js:2477
[ 1213850ms] [LOG] [Fast Refresh] rebuilding @ http://localhost:3000/_next/static/chunks/09r7_next_dist_0x9v~yo._.js:2477
[ 1213873ms] [LOG] [Fast Refresh] done in 124ms @ http://localhost:3000/_next/static/chunks/09r7_next_dist_0x9v~yo._.js:2477
[ 1214254ms] [LOG] [Fast Refresh] rebuilding @ http://localhost:3000/_next/static/chunks/09r7_next_dist_0x9v~yo._.js:2477
[ 1214311ms] [LOG] [Fast Refresh] done in 157ms @ http://localhost:3000/_next/static/chunks/09r7_next_dist_0x9v~yo._.js:2477
[ 1214682ms] [LOG] [Fast Refresh] rebuilding @ http://localhost:3000/_next/static/chunks/09r7_next_dist_0x9v~yo._.js:2477
[ 1214757ms] [LOG] [Fast Refresh] done in 176ms @ http://localhost:3000/_next/static/chunks/09r7_next_dist_0x9v~yo._.js:2477
[ 1215103ms] [LOG] [Fast Refresh] rebuilding @ http://localhost:3000/_next/static/chunks/09r7_next_dist_0x9v~yo._.js:2477
[ 1215159ms] [LOG] [Fast Refresh] done in 158ms @ http://localhost:3000/_next/static/chunks/09r7_next_dist_0x9v~yo._.js:2477
[ 1215516ms] [LOG] [Fast Refresh] rebuilding @ http://localhost:3000/_next/static/chunks/09r7_next_dist_0x9v~yo._.js:2477
[ 1215782ms] [LOG] [Fast Refresh] done in 367ms @ http://localhost:3000/_next/static/chunks/09r7_next_dist_0x9v~yo._.js:2477
[ 1215887ms] [LOG] [Fast Refresh] rebuilding @ http://localhost:3000/_next/static/chunks/09r7_next_dist_0x9v~yo._.js:2477
[ 1215920ms] [LOG] [Fast Refresh] done in 134ms @ http://localhost:3000/_next/static/chunks/09r7_next_dist_0x9v~yo._.js:2477
[ 1222345ms] [LOG] [Fast Refresh] rebuilding @ http://localhost:3000/_next/static/chunks/09r7_next_dist_0x9v~yo._.js:2477
[ 1222431ms] [LOG] [Fast Refresh] done in 93ms @ http://localhost:3000/_next/static/chunks/09r7_next_dist_0x9v~yo._.js:2477
[ 1222452ms] [LOG] [Fast Refresh] rebuilding @ http://localhost:3000/_next/static/chunks/09r7_next_dist_0x9v~yo._.js:2477
[ 1222519ms] [LOG] [Fast Refresh] done in 20ms @ http://localhost:3000/_next/static/chunks/09r7_next_dist_0x9v~yo._.js:2477
[ 1223202ms] [LOG] [Fast Refresh] rebuilding @ http://localhost:3000/_next/static/chunks/09r7_next_dist_0x9v~yo._.js:2477
[ 1223264ms] [LOG] [Fast Refresh] done in 163ms @ http://localhost:3000/_next/static/chunks/09r7_next_dist_0x9v~yo._.js:2477
[ 1223687ms] [LOG] [Fast Refresh] rebuilding @ http://localhost:3000/_next/static/chunks/09r7_next_dist_0x9v~yo._.js:2477
[ 1223694ms] [LOG] [Fast Refresh] done in 109ms @ http://localhost:3000/_next/static/chunks/09r7_next_dist_0x9v~yo._.js:2477
[ 1224287ms] [LOG] [Fast Refresh] rebuilding @ http://localhost:3000/_next/static/chunks/09r7_next_dist_0x9v~yo._.js:2477
[ 1224288ms] [LOG] [Fast Refresh] done in 102ms @ http://localhost:3000/_next/static/chunks/09r7_next_dist_0x9v~yo._.js:2477
[ 1224694ms] [LOG] [Fast Refresh] rebuilding @ http://localhost:3000/_next/static/chunks/09r7_next_dist_0x9v~yo._.js:2477
[ 1224743ms] [LOG] [Fast Refresh] done in 150ms @ http://localhost:3000/_next/static/chunks/09r7_next_dist_0x9v~yo._.js:2477
[ 1224903ms] [LOG] [Fast Refresh] rebuilding @ http://localhost:3000/_next/static/chunks/09r7_next_dist_0x9v~yo._.js:2477
[ 1224909ms] [LOG] [Fast Refresh] done in 106ms @ http://localhost:3000/_next/static/chunks/09r7_next_dist_0x9v~yo._.js:2477
[ 1225378ms] [LOG] [Fast Refresh] rebuilding @ http://localhost:3000/_next/static/chunks/09r7_next_dist_0x9v~yo._.js:2477
[ 1225392ms] [LOG] [Fast Refresh] done in 114ms @ http://localhost:3000/_next/static/chunks/09r7_next_dist_0x9v~yo._.js:2477
[ 1225547ms] [LOG] [Fast Refresh] rebuilding @ http://localhost:3000/_next/static/chunks/09r7_next_dist_0x9v~yo._.js:2477
[ 1225556ms] [LOG] [Fast Refresh] done in 109ms @ http://localhost:3000/_next/static/chunks/09r7_next_dist_0x9v~yo._.js:2477
[ 1226007ms] [LOG] [Fast Refresh] rebuilding @ http://localhost:3000/_next/static/chunks/09r7_next_dist_0x9v~yo._.js:2477
[ 1226037ms] [LOG] [Fast Refresh] done in 130ms @ http://localhost:3000/_next/static/chunks/09r7_next_dist_0x9v~yo._.js:2477
[ 1226398ms] [LOG] [Fast Refresh] rebuilding @ http://localhost:3000/_next/static/chunks/09r7_next_dist_0x9v~yo._.js:2477
[ 1226448ms] [LOG] [Fast Refresh] done in 151ms @ http://localhost:3000/_next/static/chunks/09r7_next_dist_0x9v~yo._.js:2477
[ 1227027ms] [LOG] [Fast Refresh] rebuilding @ http://localhost:3000/_next/static/chunks/09r7_next_dist_0x9v~yo._.js:2477
[ 1227497ms] [LOG] [Fast Refresh] done in 571ms @ http://localhost:3000/_next/static/chunks/09r7_next_dist_0x9v~yo._.js:2477
[ 1278353ms] [ERROR] WebSocket connection to 'ws://localhost:3000/_next/webpack-hmr?id=XBgawepbJJMnEtCsIq79X' failed: Error in connection establishment: net::ERR_CONNECTION_REFUSED @ http://localhost:3000/_next/static/chunks/09r7_next_dist_client_0n46x19._.js:13322
[ 1279357ms] [ERROR] WebSocket connection to 'ws://localhost:3000/_next/webpack-hmr?id=XBgawepbJJMnEtCsIq79X' failed: Error in connection establishment: net::ERR_CONNECTION_REFUSED @ http://localhost:3000/_next/static/chunks/09r7_next_dist_client_0n46x19._.js:13322
[ 1280612ms] [LOG] [HMR] connected @ http://localhost:3000/_next/static/chunks/09r7_next_dist_0x9v~yo._.js:2477
[ 1281317ms] [INFO] %cDownload the React DevTools for a better development experience: https://react.dev/link/react-devtools font-weight:bold @ http://localhost:3000/_next/static/chunks/09r7_next_dist_0x9v~yo._.js:2477
[ 1281357ms] [LOG] [HMR] connected @ http://localhost:3000/_next/static/chunks/09r7_next_dist_0x9v~yo._.js:2477
[ 1284200ms] [LOG] [Fast Refresh] rebuilding @ http://localhost:3000/_next/static/chunks/09r7_next_dist_0x9v~yo._.js:2477
[ 1284203ms] [LOG] [Fast Refresh] done in 104ms @ http://localhost:3000/_next/static/chunks/09r7_next_dist_0x9v~yo._.js:2477
[ 1284680ms] [LOG] [Fast Refresh] rebuilding @ http://localhost:3000/_next/static/chunks/09r7_next_dist_0x9v~yo._.js:2477
[ 1284748ms] [LOG] [Fast Refresh] done in 169ms @ http://localhost:3000/_next/static/chunks/09r7_next_dist_0x9v~yo._.js:2477
