[     159ms] [INFO] %cDownload the React DevTools for a better development experience: https://react.dev/link/react-devtools font-weight:bold @ http://localhost:3000/_next/static/chunks/node_modules_next_dist_115brz8._.js:2477
[     180ms] [LOG] [HMR] connected @ http://localhost:3000/_next/static/chunks/node_modules_next_dist_115brz8._.js:2477
[   79186ms] [INFO] %cDownload the React DevTools for a better development experience: https://react.dev/link/react-devtools font-weight:bold @ http://localhost:3000/_next/static/chunks/node_modules_next_dist_115brz8._.js:2477
[   79197ms] [LOG] [HMR] connected @ http://localhost:3000/_next/static/chunks/node_modules_next_dist_115brz8._.js:2477
[  138063ms] [INFO] %cDownload the React DevTools for a better development experience: https://react.dev/link/react-devtools font-weight:bold @ http://localhost:3000/_next/static/chunks/node_modules_next_dist_115brz8._.js:2477
[  138233ms] [LOG] [HMR] connected @ http://localhost:3000/_next/static/chunks/node_modules_next_dist_115brz8._.js:2477
[  138369ms] [LOG] [Fast Refresh] rebuilding @ http://localhost:3000/_next/static/chunks/node_modules_next_dist_115brz8._.js:2477
[  138430ms] [LOG] [Fast Refresh] done in 162ms @ http://localhost:3000/_next/static/chunks/node_modules_next_dist_115brz8._.js:2477
[  150274ms] [INFO] %cDownload the React DevTools for a better development experience: https://react.dev/link/react-devtools font-weight:bold @ http://localhost:3000/_next/static/chunks/node_modules_next_dist_115brz8._.js:2477
[  150372ms] [LOG] [HMR] connected @ http://localhost:3000/_next/static/chunks/node_modules_next_dist_115brz8._.js:2477
[  200914ms] [INFO] %cDownload the React DevTools for a better development experience: https://react.dev/link/react-devtools font-weight:bold @ http://localhost:3000/_next/static/chunks/node_modules_next_dist_115brz8._.js:2477
[  201034ms] [LOG] [HMR] connected @ http://localhost:3000/_next/static/chunks/node_modules_next_dist_115brz8._.js:2477
[  223387ms] [INFO] %cDownload the React DevTools for a better development experience: https://react.dev/link/react-devtools font-weight:bold @ http://localhost:3000/_next/static/chunks/node_modules_next_dist_115brz8._.js:2477
[  223493ms] [LOG] [HMR] connected @ http://localhost:3000/_next/static/chunks/node_modules_next_dist_115brz8._.js:2477
[  256939ms] [INFO] %cDownload the React DevTools for a better development experience: https://react.dev/link/react-devtools font-weight:bold @ http://localhost:3000/_next/static/chunks/node_modules_next_dist_115brz8._.js:2477
[  257042ms] [LOG] [HMR] connected @ http://localhost:3000/_next/static/chunks/node_modules_next_dist_115brz8._.js:2477
[  365433ms] [LOG] [Fast Refresh] rebuilding @ http://localhost:3000/_next/static/chunks/node_modules_next_dist_115brz8._.js:2477
[  366080ms] [LOG] [Fast Refresh] done in 748ms @ http://localhost:3000/_next/static/chunks/node_modules_next_dist_115brz8._.js:2477
[  366220ms] [LOG] [Fast Refresh] rebuilding @ http://localhost:3000/_next/static/chunks/node_modules_next_dist_115brz8._.js:2477
[  366426ms] [LOG] [Fast Refresh] done in 307ms @ http://localhost:3000/_next/static/chunks/node_modules_next_dist_115brz8._.js:2477
[  367149ms] [LOG] [Fast Refresh] rebuilding @ http://localhost:3000/_next/static/chunks/node_modules_next_dist_115brz8._.js:2477
[  367161ms] [LOG] [Fast Refresh] done in 114ms @ http://localhost:3000/_next/static/chunks/node_modules_next_dist_115brz8._.js:2477
[  367726ms] [LOG] [Fast Refresh] rebuilding @ http://localhost:3000/_next/static/chunks/node_modules_next_dist_115brz8._.js:2477
[  367984ms] [LOG] [Fast Refresh] done in 360ms @ http://localhost:3000/_next/static/chunks/node_modules_next_dist_115brz8._.js:2477
[  369707ms] [LOG] [Fast Refresh] rebuilding @ http://localhost:3000/_next/static/chunks/node_modules_next_dist_115brz8._.js:2477
[  370032ms] [LOG] [Fast Refresh] done in 426ms @ http://localhost:3000/_next/static/chunks/node_modules_next_dist_115brz8._.js:2477
[  371537ms] [LOG] [Fast Refresh] rebuilding @ http://localhost:3000/_next/static/chunks/node_modules_next_dist_115brz8._.js:2477
[  371869ms] [LOG] [Fast Refresh] done in 432ms @ http://localhost:3000/_next/static/chunks/node_modules_next_dist_115brz8._.js:2477
[  388524ms] [LOG] [Fast Refresh] rebuilding @ http://localhost:3000/_next/static/chunks/node_modules_next_dist_115brz8._.js:2477
[  388540ms] [ERROR] %o

%s ReferenceError: MIN_DAY_WIDTH is not defined
    at WeeklyScheduleGrid (http://localhost:3000/_next/static/chunks/_0mn8fsl._.js?id=%255Bproject%255D%252Fcomponents%252Fmanager%252FWeeklyScheduleGrid.tsx+%255Bapp-client%255D+%2528ecmascript%2529:262:100)
    at Object.react_stack_bottom_frame (http://localhost:3000/_next/static/chunks/node_modules_next_dist_compiled_react-dom_058-ah~._.js:15037:24)
    at renderWithHooks (http://localhost:3000/_next/static/chunks/node_modules_next_dist_compiled_react-dom_058-ah~._.js:4620:24)
    at updateFunctionComponent (http://localhost:3000/_next/static/chunks/node_modules_next_dist_compiled_react-dom_058-ah~._.js:6081:21)
    at beginWork (http://localhost:3000/_next/static/chunks/node_modules_next_dist_compiled_react-dom_058-ah~._.js:6691:24)
    at runWithFiberInDEV (http://localhost:3000/_next/static/chunks/node_modules_next_dist_compiled_react-dom_058-ah~._.js:965:74)
    at performUnitOfWork (http://localhost:3000/_next/static/chunks/node_modules_next_dist_compiled_react-dom_058-ah~._.js:9555:97)
    at workLoopSync (http://localhost:3000/_next/static/chunks/node_modules_next_dist_compiled_react-dom_058-ah~._.js:9449:40)
    at renderRootSync (http://localhost:3000/_next/static/chunks/node_modules_next_dist_compiled_react-dom_058-ah~._.js:9433:13)
    at performWorkOnRoot (http://localhost:3000/_next/static/chunks/node_modules_next_dist_compiled_react-dom_058-ah~._.js:9098:47)
    at performSyncWorkOnRoot (http://localhost:3000/_next/static/chunks/node_modules_next_dist_compiled_react-dom_058-ah~._.js:10263:9)
    at flushSyncWorkAcrossRoots_impl (http://localhost:3000/_next/static/chunks/node_modules_next_dist_compiled_react-dom_058-ah~._.js:10179:316)
    at flushSyncWork$1 (http://localhost:3000/_next/static/chunks/node_modules_next_dist_compiled_react-dom_058-ah~._.js:9230:86)
    at Object.scheduleRefresh (http://localhost:3000/_next/static/chunks/node_modules_next_dist_compiled_react-dom_058-ah~._.js:299:13)
    at http://localhost:3000/_next/static/chunks/node_modules_next_dist_compiled_0rpq4pf._.js:391:33
    at Set.forEach (<anonymous>)
    at Object.performReactRefresh (http://localhost:3000/_next/static/chunks/node_modules_next_dist_compiled_0rpq4pf._.js:384:38)
    at applyUpdate (http://localhost:3000/_next/static/chunks/node_modules_next_dist_compiled_0rpq4pf._.js:878:31)
    at http://localhost:3000/_next/static/chunks/node_modules_next_dist_compiled_0rpq4pf._.js:886:13 The above error occurred in the <WeeklyScheduleGrid> component. It was handled by the <ErrorBoundaryHandler> error boundary. @ http://localhost:3000/_next/static/chunks/node_modules_next_dist_client_0fhqo1d._.js:1998
[  388548ms] [ERROR] ReferenceError: MIN_DAY_WIDTH is not defined
    at WeeklyScheduleGrid (http://localhost:3000/_next/static/chunks/_0mn8fsl._.js?id=%255Bproject%255D%252Fcomponents%252Fmanager%252FWeeklyScheduleGrid.tsx+%255Bapp-client%255D+%2528ecmascript%2529:262:100)
    at Object.react_stack_bottom_frame (http://localhost:3000/_next/static/chunks/node_modules_next_dist_compiled_react-dom_058-ah~._.js:15037:24)
    at renderWithHooks (http://localhost:3000/_next/static/chunks/node_modules_next_dist_compiled_react-dom_058-ah~._.js:4620:24)
    at updateFunctionComponent (http://localhost:3000/_next/static/chunks/node_modules_next_dist_compiled_react-dom_058-ah~._.js:6081:21)
    at beginWork (http://localhost:3000/_next/static/chunks/node_modules_next_dist_compiled_react-dom_058-ah~._.js:6691:24)
    at runWithFiberInDEV (http://localhost:3000/_next/static/chunks/node_modules_next_dist_compiled_react-dom_058-ah~._.js:965:74)
    at performUnitOfWork (http://localhost:3000/_next/static/chunks/node_modules_next_dist_compiled_react-dom_058-ah~._.js:9555:97)
    at workLoopSync (http://localhost:3000/_next/static/chunks/node_modules_next_dist_compiled_react-dom_058-ah~._.js:9449:40)
    at renderRootSync (http://localhost:3000/_next/static/chunks/node_modules_next_dist_compiled_react-dom_058-ah~._.js:9433:13)
    at performWorkOnRoot (http://localhost:3000/_next/static/chunks/node_modules_next_dist_compiled_react-dom_058-ah~._.js:9098:47)
    at performSyncWorkOnRoot (http://localhost:3000/_next/static/chunks/node_modules_next_dist_compiled_react-dom_058-ah~._.js:10263:9)
    at flushSyncWorkAcrossRoots_impl (http://localhost:3000/_next/static/chunks/node_modules_next_dist_compiled_react-dom_058-ah~._.js:10179:316)
    at flushSyncWork$1 (http://localhost:3000/_next/static/chunks/node_modules_next_dist_compiled_react-dom_058-ah~._.js:9230:86)
    at Object.scheduleRefresh (http://localhost:3000/_next/static/chunks/node_modules_next_dist_compiled_react-dom_058-ah~._.js:299:13)
    at http://localhost:3000/_next/static/chunks/node_modules_next_dist_compiled_0rpq4pf._.js:391:33
    at Set.forEach (<anonymous>)
    at Object.performReactRefresh (http://localhost:3000/_next/static/chunks/node_modules_next_dist_compiled_0rpq4pf._.js:384:38)
    at applyUpdate (http://localhost:3000/_next/static/chunks/node_modules_next_dist_compiled_0rpq4pf._.js:878:31)
    at http://localhost:3000/_next/static/chunks/node_modules_next_dist_compiled_0rpq4pf._.js:886:13 @ http://localhost:3000/_next/static/chunks/node_modules_next_dist_115brz8._.js:3318
[  388548ms] [ERROR] ReferenceError: MIN_DAY_WIDTH is not defined
    at WeeklyScheduleGrid (http://localhost:3000/_next/static/chunks/_0mn8fsl._.js?id=%255Bproject%255D%252Fcomponents%252Fmanager%252FWeeklyScheduleGrid.tsx+%255Bapp-client%255D+%2528ecmascript%2529:262:100)
    at Object.react_stack_bottom_frame (http://localhost:3000/_next/static/chunks/node_modules_next_dist_compiled_react-dom_058-ah~._.js:15037:24)
    at renderWithHooks (http://localhost:3000/_next/static/chunks/node_modules_next_dist_compiled_react-dom_058-ah~._.js:4620:24)
    at updateFunctionComponent (http://localhost:3000/_next/static/chunks/node_modules_next_dist_compiled_react-dom_058-ah~._.js:6081:21)
    at beginWork (http://localhost:3000/_next/static/chunks/node_modules_next_dist_compiled_react-dom_058-ah~._.js:6691:24)
    at runWithFiberInDEV (http://localhost:3000/_next/static/chunks/node_modules_next_dist_compiled_react-dom_058-ah~._.js:965:74)
    at performUnitOfWork (http://localhost:3000/_next/static/chunks/node_modules_next_dist_compiled_react-dom_058-ah~._.js:9555:97)
    at workLoopSync (http://localhost:3000/_next/static/chunks/node_modules_next_dist_compiled_react-dom_058-ah~._.js:9449:40)
    at renderRootSync (http://localhost:3000/_next/static/chunks/node_modules_next_dist_compiled_react-dom_058-ah~._.js:9433:13)
    at performWorkOnRoot (http://localhost:3000/_next/static/chunks/node_modules_next_dist_compiled_react-dom_058-ah~._.js:9098:47)
    at performSyncWorkOnRoot (http://localhost:3000/_next/static/chunks/node_modules_next_dist_compiled_react-dom_058-ah~._.js:10263:9)
    at flushSyncWorkAcrossRoots_impl (http://localhost:3000/_next/static/chunks/node_modules_next_dist_compiled_react-dom_058-ah~._.js:10179:316)
    at flushSyncWork$1 (http://localhost:3000/_next/static/chunks/node_modules_next_dist_compiled_react-dom_058-ah~._.js:9230:86)
    at Object.scheduleRefresh (http://localhost:3000/_next/static/chunks/node_modules_next_dist_compiled_react-dom_058-ah~._.js:299:13)
    at http://localhost:3000/_next/static/chunks/node_modules_next_dist_compiled_0rpq4pf._.js:391:33
    at Set.forEach (<anonymous>)
    at Object.performReactRefresh (http://localhost:3000/_next/static/chunks/node_modules_next_dist_compiled_0rpq4pf._.js:384:38)
    at applyUpdate (http://localhost:3000/_next/static/chunks/node_modules_next_dist_compiled_0rpq4pf._.js:878:31)
    at http://localhost:3000/_next/static/chunks/node_modules_next_dist_compiled_0rpq4pf._.js:886:13 @ http://localhost:3000/_next/static/chunks/node_modules_next_dist_115brz8._.js:3318
[  388552ms] [LOG] [Fast Refresh] done in 93ms @ http://localhost:3000/_next/static/chunks/node_modules_next_dist_115brz8._.js:2477
[  388670ms] [LOG] [Fast Refresh] rebuilding @ http://localhost:3000/_next/static/chunks/node_modules_next_dist_115brz8._.js:2477
[  388740ms] [LOG] [Fast Refresh] done in 172ms @ http://localhost:3000/_next/static/chunks/node_modules_next_dist_115brz8._.js:2477
[  944839ms] [LOG] [HMR] connected @ http://localhost:3000/_next/static/chunks/node_modules_next_dist_115brz8._.js:2477
[ 1428662ms] [LOG] [HMR] connected @ http://localhost:3000/_next/static/chunks/node_modules_next_dist_115brz8._.js:2477
[ 6156788ms] [LOG] [HMR] connected @ http://localhost:3000/_next/static/chunks/node_modules_next_dist_115brz8._.js:2477
[58951072ms] [LOG] [Fast Refresh] rebuilding @ http://localhost:3000/_next/static/chunks/node_modules_next_dist_115brz8._.js:2477
[58951105ms] [LOG] [Fast Refresh] done in 84ms @ http://localhost:3000/_next/static/chunks/node_modules_next_dist_115brz8._.js:2477
[59078823ms] [LOG] [Fast Refresh] rebuilding @ http://localhost:3000/_next/static/chunks/node_modules_next_dist_115brz8._.js:2477
[59078894ms] [LOG] [Fast Refresh] done in 173ms @ http://localhost:3000/_next/static/chunks/node_modules_next_dist_115brz8._.js:2477
[59482996ms] [LOG] [HMR] connected @ http://localhost:3000/_next/static/chunks/node_modules_next_dist_115brz8._.js:2477
[59816489ms] [LOG] [Fast Refresh] rebuilding @ http://localhost:3000/_next/static/chunks/node_modules_next_dist_115brz8._.js:2477
[59816513ms] [LOG] [Fast Refresh] done in 36ms @ http://localhost:3000/_next/static/chunks/node_modules_next_dist_115brz8._.js:2477
[60462009ms] [LOG] [Fast Refresh] rebuilding @ http://localhost:3000/_next/static/chunks/node_modules_next_dist_115brz8._.js:2477
[60462033ms] [LOG] [Fast Refresh] done in 50ms @ http://localhost:3000/_next/static/chunks/node_modules_next_dist_115brz8._.js:2477
[60465287ms] [LOG] [Fast Refresh] rebuilding @ http://localhost:3000/_next/static/chunks/node_modules_next_dist_115brz8._.js:2477
[60465357ms] [LOG] [Fast Refresh] done in 104ms @ http://localhost:3000/_next/static/chunks/node_modules_next_dist_115brz8._.js:2477
[60465469ms] [LOG] [Fast Refresh] rebuilding @ http://localhost:3000/_next/static/chunks/node_modules_next_dist_115brz8._.js:2477
[60465559ms] [LOG] [Fast Refresh] done in 191ms @ http://localhost:3000/_next/static/chunks/node_modules_next_dist_115brz8._.js:2477
[60471745ms] [LOG] [Fast Refresh] rebuilding @ http://localhost:3000/_next/static/chunks/node_modules_next_dist_115brz8._.js:2477
[60471771ms] [LOG] [Fast Refresh] done in 41ms @ http://localhost:3000/_next/static/chunks/node_modules_next_dist_115brz8._.js:2477
[60476263ms] [LOG] [Fast Refresh] rebuilding @ http://localhost:3000/_next/static/chunks/node_modules_next_dist_115brz8._.js:2477
[60476290ms] [LOG] [Fast Refresh] done in 44ms @ http://localhost:3000/_next/static/chunks/node_modules_next_dist_115brz8._.js:2477
[60480758ms] [LOG] [Fast Refresh] rebuilding @ http://localhost:3000/_next/static/chunks/node_modules_next_dist_115brz8._.js:2477
[60480784ms] [LOG] [Fast Refresh] done in 37ms @ http://localhost:3000/_next/static/chunks/node_modules_next_dist_115brz8._.js:2477
[60484550ms] [LOG] [Fast Refresh] rebuilding @ http://localhost:3000/_next/static/chunks/node_modules_next_dist_115brz8._.js:2477
[60484576ms] [LOG] [Fast Refresh] done in 36ms @ http://localhost:3000/_next/static/chunks/node_modules_next_dist_115brz8._.js:2477
[60487473ms] [LOG] [Fast Refresh] rebuilding @ http://localhost:3000/_next/static/chunks/node_modules_next_dist_115brz8._.js:2477
[60487525ms] [LOG] [Fast Refresh] done in 57ms @ http://localhost:3000/_next/static/chunks/node_modules_next_dist_115brz8._.js:2477
[60487637ms] [LOG] [Fast Refresh] rebuilding @ http://localhost:3000/_next/static/chunks/node_modules_next_dist_115brz8._.js:2477
[60487655ms] [LOG] [Fast Refresh] done in 119ms @ http://localhost:3000/_next/static/chunks/node_modules_next_dist_115brz8._.js:2477
[60492850ms] [LOG] [Fast Refresh] rebuilding @ http://localhost:3000/_next/static/chunks/node_modules_next_dist_115brz8._.js:2477
[60492877ms] [LOG] [Fast Refresh] done in 34ms @ http://localhost:3000/_next/static/chunks/node_modules_next_dist_115brz8._.js:2477
[60498966ms] [LOG] [Fast Refresh] rebuilding @ http://localhost:3000/_next/static/chunks/node_modules_next_dist_115brz8._.js:2477
[60498993ms] [LOG] [Fast Refresh] done in 36ms @ http://localhost:3000/_next/static/chunks/node_modules_next_dist_115brz8._.js:2477
[60502791ms] [LOG] [Fast Refresh] rebuilding @ http://localhost:3000/_next/static/chunks/node_modules_next_dist_115brz8._.js:2477
[60502816ms] [LOG] [Fast Refresh] done in 34ms @ http://localhost:3000/_next/static/chunks/node_modules_next_dist_115brz8._.js:2477
[60518830ms] [LOG] [Fast Refresh] rebuilding @ http://localhost:3000/_next/static/chunks/node_modules_next_dist_115brz8._.js:2477
[60518864ms] [LOG] [Fast Refresh] done in 41ms @ http://localhost:3000/_next/static/chunks/node_modules_next_dist_115brz8._.js:2477
[60540008ms] [LOG] [Fast Refresh] rebuilding @ http://localhost:3000/_next/static/chunks/node_modules_next_dist_115brz8._.js:2477
[60540056ms] [LOG] [Fast Refresh] done in 71ms @ http://localhost:3000/_next/static/chunks/node_modules_next_dist_115brz8._.js:2477
[60540182ms] [LOG] [Fast Refresh] rebuilding @ http://localhost:3000/_next/static/chunks/node_modules_next_dist_115brz8._.js:2477
[60540196ms] [LOG] [Fast Refresh] done in 115ms @ http://localhost:3000/_next/static/chunks/node_modules_next_dist_115brz8._.js:2477
[60540337ms] [LOG] [Fast Refresh] rebuilding @ http://localhost:3000/_next/static/chunks/node_modules_next_dist_115brz8._.js:2477
[60540339ms] [LOG] [Fast Refresh] done in 104ms @ http://localhost:3000/_next/static/chunks/node_modules_next_dist_115brz8._.js:2477
[60725116ms] [LOG] [Fast Refresh] rebuilding @ http://localhost:3000/_next/static/chunks/node_modules_next_dist_115brz8._.js:2477
[60725174ms] [LOG] [Fast Refresh] done in 65ms @ http://localhost:3000/_next/static/chunks/node_modules_next_dist_115brz8._.js:2477
[60725286ms] [LOG] [Fast Refresh] rebuilding @ http://localhost:3000/_next/static/chunks/node_modules_next_dist_115brz8._.js:2477
[60725310ms] [LOG] [Fast Refresh] done in 125ms @ http://localhost:3000/_next/static/chunks/node_modules_next_dist_115brz8._.js:2477
[60725437ms] [ERROR] %o

%s ReferenceError: useEffect is not defined
    at SchedulePage (http://localhost:3000/_next/static/chunks/_0mn8fsl._.js?id=%255Bproject%255D%252Fapp%252F%2528manager%2529%252Fschedule%252Fpage.tsx+%255Bapp-client%255D+%2528ecmascript%2529:53:5)
    at Object.react_stack_bottom_frame (http://localhost:3000/_next/static/chunks/node_modules_next_dist_compiled_react-dom_058-ah~._.js:15037:24)
    at renderWithHooks (http://localhost:3000/_next/static/chunks/node_modules_next_dist_compiled_react-dom_058-ah~._.js:4620:24)
    at updateFunctionComponent (http://localhost:3000/_next/static/chunks/node_modules_next_dist_compiled_react-dom_058-ah~._.js:6081:21)
    at beginWork (http://localhost:3000/_next/static/chunks/node_modules_next_dist_compiled_react-dom_058-ah~._.js:6691:24)
    at runWithFiberInDEV (http://localhost:3000/_next/static/chunks/node_modules_next_dist_compiled_react-dom_058-ah~._.js:965:74)
    at performUnitOfWork (http://localhost:3000/_next/static/chunks/node_modules_next_dist_compiled_react-dom_058-ah~._.js:9555:97)
    at workLoopSync (http://localhost:3000/_next/static/chunks/node_modules_next_dist_compiled_react-dom_058-ah~._.js:9449:40)
    at renderRootSync (http://localhost:3000/_next/static/chunks/node_modules_next_dist_compiled_react-dom_058-ah~._.js:9433:13)
    at performWorkOnRoot (http://localhost:3000/_next/static/chunks/node_modules_next_dist_compiled_react-dom_058-ah~._.js:9061:186)
    at performSyncWorkOnRoot (http://localhost:3000/_next/static/chunks/node_modules_next_dist_compiled_react-dom_058-ah~._.js:10263:9)
    at flushSyncWorkAcrossRoots_impl (http://localhost:3000/_next/static/chunks/node_modules_next_dist_compiled_react-dom_058-ah~._.js:10179:316)
    at processRootScheduleInMicrotask (http://localhost:3000/_next/static/chunks/node_modules_next_dist_compiled_react-dom_058-ah~._.js:10200:106)
    at http://localhost:3000/_next/static/chunks/node_modules_next_dist_compiled_react-dom_058-ah~._.js:10274:158 The above error occurred in the <SchedulePage> component. It was handled by the <ErrorBoundaryHandler> error boundary. @ http://localhost:3000/_next/static/chunks/node_modules_next_dist_client_0fhqo1d._.js:1998
[60725441ms] [ERROR] ReferenceError: useEffect is not defined
    at SchedulePage (http://localhost:3000/_next/static/chunks/_0mn8fsl._.js?id=%255Bproject%255D%252Fapp%252F%2528manager%2529%252Fschedule%252Fpage.tsx+%255Bapp-client%255D+%2528ecmascript%2529:53:5)
    at Object.react_stack_bottom_frame (http://localhost:3000/_next/static/chunks/node_modules_next_dist_compiled_react-dom_058-ah~._.js:15037:24)
    at renderWithHooks (http://localhost:3000/_next/static/chunks/node_modules_next_dist_compiled_react-dom_058-ah~._.js:4620:24)
    at updateFunctionComponent (http://localhost:3000/_next/static/chunks/node_modules_next_dist_compiled_react-dom_058-ah~._.js:6081:21)
    at beginWork (http://localhost:3000/_next/static/chunks/node_modules_next_dist_compiled_react-dom_058-ah~._.js:6691:24)
    at runWithFiberInDEV (http://localhost:3000/_next/static/chunks/node_modules_next_dist_compiled_react-dom_058-ah~._.js:965:74)
    at performUnitOfWork (http://localhost:3000/_next/static/chunks/node_modules_next_dist_compiled_react-dom_058-ah~._.js:9555:97)
    at workLoopSync (http://localhost:3000/_next/static/chunks/node_modules_next_dist_compiled_react-dom_058-ah~._.js:9449:40)
    at renderRootSync (http://localhost:3000/_next/static/chunks/node_modules_next_dist_compiled_react-dom_058-ah~._.js:9433:13)
    at performWorkOnRoot (http://localhost:3000/_next/static/chunks/node_modules_next_dist_compiled_react-dom_058-ah~._.js:9061:186)
    at performSyncWorkOnRoot (http://localhost:3000/_next/static/chunks/node_modules_next_dist_compiled_react-dom_058-ah~._.js:10263:9)
    at flushSyncWorkAcrossRoots_impl (http://localhost:3000/_next/static/chunks/node_modules_next_dist_compiled_react-dom_058-ah~._.js:10179:316)
    at processRootScheduleInMicrotask (http://localhost:3000/_next/static/chunks/node_modules_next_dist_compiled_react-dom_058-ah~._.js:10200:106)
    at http://localhost:3000/_next/static/chunks/node_modules_next_dist_compiled_react-dom_058-ah~._.js:10274:158 @ http://localhost:3000/_next/static/chunks/node_modules_next_dist_115brz8._.js:3318
[60725441ms] [ERROR] ReferenceError: useEffect is not defined
    at SchedulePage (http://localhost:3000/_next/static/chunks/_0mn8fsl._.js?id=%255Bproject%255D%252Fapp%252F%2528manager%2529%252Fschedule%252Fpage.tsx+%255Bapp-client%255D+%2528ecmascript%2529:53:5)
    at Object.react_stack_bottom_frame (http://localhost:3000/_next/static/chunks/node_modules_next_dist_compiled_react-dom_058-ah~._.js:15037:24)
    at renderWithHooks (http://localhost:3000/_next/static/chunks/node_modules_next_dist_compiled_react-dom_058-ah~._.js:4620:24)
    at updateFunctionComponent (http://localhost:3000/_next/static/chunks/node_modules_next_dist_compiled_react-dom_058-ah~._.js:6081:21)
    at beginWork (http://localhost:3000/_next/static/chunks/node_modules_next_dist_compiled_react-dom_058-ah~._.js:6691:24)
    at runWithFiberInDEV (http://localhost:3000/_next/static/chunks/node_modules_next_dist_compiled_react-dom_058-ah~._.js:965:74)
    at performUnitOfWork (http://localhost:3000/_next/static/chunks/node_modules_next_dist_compiled_react-dom_058-ah~._.js:9555:97)
    at workLoopSync (http://localhost:3000/_next/static/chunks/node_modules_next_dist_compiled_react-dom_058-ah~._.js:9449:40)
    at renderRootSync (http://localhost:3000/_next/static/chunks/node_modules_next_dist_compiled_react-dom_058-ah~._.js:9433:13)
    at performWorkOnRoot (http://localhost:3000/_next/static/chunks/node_modules_next_dist_compiled_react-dom_058-ah~._.js:9061:186)
    at performSyncWorkOnRoot (http://localhost:3000/_next/static/chunks/node_modules_next_dist_compiled_react-dom_058-ah~._.js:10263:9)
    at flushSyncWorkAcrossRoots_impl (http://localhost:3000/_next/static/chunks/node_modules_next_dist_compiled_react-dom_058-ah~._.js:10179:316)
    at processRootScheduleInMicrotask (http://localhost:3000/_next/static/chunks/node_modules_next_dist_compiled_react-dom_058-ah~._.js:10200:106)
    at http://localhost:3000/_next/static/chunks/node_modules_next_dist_compiled_react-dom_058-ah~._.js:10274:158 @ http://localhost:3000/_next/static/chunks/node_modules_next_dist_115brz8._.js:3318
[60740275ms] [LOG] [Fast Refresh] rebuilding @ http://localhost:3000/_next/static/chunks/node_modules_next_dist_115brz8._.js:2477
[60740378ms] [ERROR] ./app/(manager)/schedule/page.tsx:60:85
the name `handleMarkSick` is defined multiple times
  58 |   }
  59 |
> 60 |   const { handleShiftMove, handleShiftCreate, handleShiftUpdate, handleShiftDelete, handleMarkSick } =
     |                                                                                     ^^^^^^^^^^^^^^
  61 |     useShiftMutations(schedule, setSchedule, orgId, employees)
  62 |
  63 |   const today = new Date().toISOString().split("T")[0]

Ecmascript file had an error

Import traces:
  Client Component Browser:
    ./app/(manager)/schedule/page.tsx [Client Component Browser]
    ./app/(manager)/schedule/page.tsx [Server Component]

  Client Component SSR:
    ./app/(manager)/schedule/page.tsx [Client Component SSR]
    ./app/(manager)/schedule/page.tsx [Server Component] @ http://localhost:3000/_next/static/chunks/node_modules_next_dist_115brz8._.js:3318
[60740378ms] [ERROR] ./app/(manager)/schedule/page.tsx:60:28
the name `handleShiftCreate` is defined multiple times
  58 |   }
  59 |
> 60 |   const { handleShiftMove, handleShiftCreate, handleShiftUpdate, handleShiftDelete, handleMarkSick } =
     |                            ^^^^^^^^^^^^^^^^^
  61 |     useShiftMutations(schedule, setSchedule, orgId, employees)
  62 |
  63 |   const today = new Date().toISOString().split("T")[0]

Ecmascript file had an error

Import traces:
  Client Component Browser:
    ./app/(manager)/schedule/page.tsx [Client Component Browser]
    ./app/(manager)/schedule/page.tsx [Server Component]

  Client Component SSR:
    ./app/(manager)/schedule/page.tsx [Client Component SSR]
    ./app/(manager)/schedule/page.tsx [Server Component] @ http://localhost:3000/_next/static/chunks/node_modules_next_dist_115brz8._.js:3318
[60740378ms] [ERROR] ./app/(manager)/schedule/page.tsx:60:66
the name `handleShiftDelete` is defined multiple times
  58 |   }
  59 |
> 60 |   const { handleShiftMove, handleShiftCreate, handleShiftUpdate, handleShiftDelete, handleMarkSick } =
     |                                                                  ^^^^^^^^^^^^^^^^^
  61 |     useShiftMutations(schedule, setSchedule, orgId, employees)
  62 |
  63 |   const today = new Date().toISOString().split("T")[0]

Ecmascript file had an error

Import traces:
  Client Component Browser:
    ./app/(manager)/schedule/page.tsx [Client Component Browser]
    ./app/(manager)/schedule/page.tsx [Server Component]

  Client Component SSR:
    ./app/(manager)/schedule/page.tsx [Client Component SSR]
    ./app/(manager)/schedule/page.tsx [Server Component] @ http://localhost:3000/_next/static/chunks/node_modules_next_dist_115brz8._.js:3318
[60740378ms] [ERROR] ./app/(manager)/schedule/page.tsx:60:11
the name `handleShiftMove` is defined multiple times
  58 |   }
  59 |
> 60 |   const { handleShiftMove, handleShiftCreate, handleShiftUpdate, handleShiftDelete, handleMarkSick } =
     |           ^^^^^^^^^^^^^^^
  61 |     useShiftMutations(schedule, setSchedule, orgId, employees)
  62 |
  63 |   const today = new Date().toISOString().split("T")[0]

Ecmascript file had an error

Import traces:
  Client Component Browser:
    ./app/(manager)/schedule/page.tsx [Client Component Browser]
    ./app/(manager)/schedule/page.tsx [Server Component]

  Client Component SSR:
    ./app/(manager)/schedule/page.tsx [Client Component SSR]
    ./app/(manager)/schedule/page.tsx [Server Component] @ http://localhost:3000/_next/static/chunks/node_modules_next_dist_115brz8._.js:3318
[60740378ms] [ERROR] ./app/(manager)/schedule/page.tsx:60:47
the name `handleShiftUpdate` is defined multiple times
  58 |   }
  59 |
> 60 |   const { handleShiftMove, handleShiftCreate, handleShiftUpdate, handleShiftDelete, handleMarkSick } =
     |                                               ^^^^^^^^^^^^^^^^^
  61 |     useShiftMutations(schedule, setSchedule, orgId, employees)
  62 |
  63 |   const today = new Date().toISOString().split("T")[0]

Ecmascript file had an error

Import traces:
  Client Component Browser:
    ./app/(manager)/schedule/page.tsx [Client Component Browser]
    ./app/(manager)/schedule/page.tsx [Server Component]

  Client Component SSR:
    ./app/(manager)/schedule/page.tsx [Client Component SSR]
    ./app/(manager)/schedule/page.tsx [Server Component] @ http://localhost:3000/_next/static/chunks/node_modules_next_dist_115brz8._.js:3318
[60740461ms] [ERROR] ./app/(manager)/schedule/page.tsx:60:85
the name `handleMarkSick` is defined multiple times
  58 |   }
  59 |
> 60 |   const { handleShiftMove, handleShiftCreate, handleShiftUpdate, handleShiftDelete, handleMarkSick } =
     |                                                                                     ^^^^^^^^^^^^^^
  61 |     useShiftMutations(schedule, setSchedule, orgId, employees)
  62 |
  63 |   const today = new Date().toISOString().split("T")[0]

Ecmascript file had an error

Import traces:
  Client Component Browser:
    ./app/(manager)/schedule/page.tsx [Client Component Browser]
    ./app/(manager)/schedule/page.tsx [Server Component]

  Client Component SSR:
    ./app/(manager)/schedule/page.tsx [Client Component SSR]
    ./app/(manager)/schedule/page.tsx [Server Component] @ http://localhost:3000/_next/static/chunks/node_modules_next_dist_115brz8._.js:3318
[60740461ms] [ERROR] ./app/(manager)/schedule/page.tsx:60:28
the name `handleShiftCreate` is defined multiple times
  58 |   }
  59 |
> 60 |   const { handleShiftMove, handleShiftCreate, handleShiftUpdate, handleShiftDelete, handleMarkSick } =
     |                            ^^^^^^^^^^^^^^^^^
  61 |     useShiftMutations(schedule, setSchedule, orgId, employees)
  62 |
  63 |   const today = new Date().toISOString().split("T")[0]

Ecmascript file had an error

Import traces:
  Client Component Browser:
    ./app/(manager)/schedule/page.tsx [Client Component Browser]
    ./app/(manager)/schedule/page.tsx [Server Component]

  Client Component SSR:
    ./app/(manager)/schedule/page.tsx [Client Component SSR]
    ./app/(manager)/schedule/page.tsx [Server Component] @ http://localhost:3000/_next/static/chunks/node_modules_next_dist_115brz8._.js:3318
[60740461ms] [ERROR] ./app/(manager)/schedule/page.tsx:60:66
the name `handleShiftDelete` is defined multiple times
  58 |   }
  59 |
> 60 |   const { handleShiftMove, handleShiftCreate, handleShiftUpdate, handleShiftDelete, handleMarkSick } =
     |                                                                  ^^^^^^^^^^^^^^^^^
  61 |     useShiftMutations(schedule, setSchedule, orgId, employees)
  62 |
  63 |   const today = new Date().toISOString().split("T")[0]

Ecmascript file had an error

Import traces:
  Client Component Browser:
    ./app/(manager)/schedule/page.tsx [Client Component Browser]
    ./app/(manager)/schedule/page.tsx [Server Component]

  Client Component SSR:
    ./app/(manager)/schedule/page.tsx [Client Component SSR]
    ./app/(manager)/schedule/page.tsx [Server Component] @ http://localhost:3000/_next/static/chunks/node_modules_next_dist_115brz8._.js:3318
[60740461ms] [ERROR] ./app/(manager)/schedule/page.tsx:60:11
the name `handleShiftMove` is defined multiple times
  58 |   }
  59 |
> 60 |   const { handleShiftMove, handleShiftCreate, handleShiftUpdate, handleShiftDelete, handleMarkSick } =
     |           ^^^^^^^^^^^^^^^
  61 |     useShiftMutations(schedule, setSchedule, orgId, employees)
  62 |
  63 |   const today = new Date().toISOString().split("T")[0]

Ecmascript file had an error

Import traces:
  Client Component Browser:
    ./app/(manager)/schedule/page.tsx [Client Component Browser]
    ./app/(manager)/schedule/page.tsx [Server Component]

  Client Component SSR:
    ./app/(manager)/schedule/page.tsx [Client Component SSR]
    ./app/(manager)/schedule/page.tsx [Server Component] @ http://localhost:3000/_next/static/chunks/node_modules_next_dist_115brz8._.js:3318
[60740461ms] [ERROR] ./app/(manager)/schedule/page.tsx:60:47
the name `handleShiftUpdate` is defined multiple times
  58 |   }
  59 |
> 60 |   const { handleShiftMove, handleShiftCreate, handleShiftUpdate, handleShiftDelete, handleMarkSick } =
     |                                               ^^^^^^^^^^^^^^^^^
  61 |     useShiftMutations(schedule, setSchedule, orgId, employees)
  62 |
  63 |   const today = new Date().toISOString().split("T")[0]

Ecmascript file had an error

Import traces:
  Client Component Browser:
    ./app/(manager)/schedule/page.tsx [Client Component Browser]
    ./app/(manager)/schedule/page.tsx [Server Component]

  Client Component SSR:
    ./app/(manager)/schedule/page.tsx [Client Component SSR]
    ./app/(manager)/schedule/page.tsx [Server Component] @ http://localhost:3000/_next/static/chunks/node_modules_next_dist_115brz8._.js:3318
[60740562ms] [LOG] [Fast Refresh] rebuilding @ http://localhost:3000/_next/static/chunks/node_modules_next_dist_115brz8._.js:2477
[60740725ms] [ERROR] ./app/(manager)/schedule/page.tsx:60:85
the name `handleMarkSick` is defined multiple times
  58 |   }
  59 |
> 60 |   const { handleShiftMove, handleShiftCreate, handleShiftUpdate, handleShiftDelete, handleMarkSick } =
     |                                                                                     ^^^^^^^^^^^^^^
  61 |     useShiftMutations(schedule, setSchedule, orgId, employees)
  62 |
  63 |   const today = new Date().toISOString().split("T")[0]

Ecmascript file had an error

Import traces:
  Client Component Browser:
    ./app/(manager)/schedule/page.tsx [Client Component Browser]
    ./app/(manager)/schedule/page.tsx [Server Component]

  Client Component SSR:
    ./app/(manager)/schedule/page.tsx [Client Component SSR]
    ./app/(manager)/schedule/page.tsx [Server Component] @ http://localhost:3000/_next/static/chunks/node_modules_next_dist_115brz8._.js:3318
[60740725ms] [ERROR] ./app/(manager)/schedule/page.tsx:60:28
the name `handleShiftCreate` is defined multiple times
  58 |   }
  59 |
> 60 |   const { handleShiftMove, handleShiftCreate, handleShiftUpdate, handleShiftDelete, handleMarkSick } =
     |                            ^^^^^^^^^^^^^^^^^
  61 |     useShiftMutations(schedule, setSchedule, orgId, employees)
  62 |
  63 |   const today = new Date().toISOString().split("T")[0]

Ecmascript file had an error

Import traces:
  Client Component Browser:
    ./app/(manager)/schedule/page.tsx [Client Component Browser]
    ./app/(manager)/schedule/page.tsx [Server Component]

  Client Component SSR:
    ./app/(manager)/schedule/page.tsx [Client Component SSR]
    ./app/(manager)/schedule/page.tsx [Server Component] @ http://localhost:3000/_next/static/chunks/node_modules_next_dist_115brz8._.js:3318
[60740725ms] [ERROR] ./app/(manager)/schedule/page.tsx:60:66
the name `handleShiftDelete` is defined multiple times
  58 |   }
  59 |
> 60 |   const { handleShiftMove, handleShiftCreate, handleShiftUpdate, handleShiftDelete, handleMarkSick } =
     |                                                                  ^^^^^^^^^^^^^^^^^
  61 |     useShiftMutations(schedule, setSchedule, orgId, employees)
  62 |
  63 |   const today = new Date().toISOString().split("T")[0]

Ecmascript file had an error

Import traces:
  Client Component Browser:
    ./app/(manager)/schedule/page.tsx [Client Component Browser]
    ./app/(manager)/schedule/page.tsx [Server Component]

  Client Component SSR:
    ./app/(manager)/schedule/page.tsx [Client Component SSR]
    ./app/(manager)/schedule/page.tsx [Server Component] @ http://localhost:3000/_next/static/chunks/node_modules_next_dist_115brz8._.js:3318
[60740725ms] [ERROR] ./app/(manager)/schedule/page.tsx:60:11
the name `handleShiftMove` is defined multiple times
  58 |   }
  59 |
> 60 |   const { handleShiftMove, handleShiftCreate, handleShiftUpdate, handleShiftDelete, handleMarkSick } =
     |           ^^^^^^^^^^^^^^^
  61 |     useShiftMutations(schedule, setSchedule, orgId, employees)
  62 |
  63 |   const today = new Date().toISOString().split("T")[0]

Ecmascript file had an error

Import traces:
  Client Component Browser:
    ./app/(manager)/schedule/page.tsx [Client Component Browser]
    ./app/(manager)/schedule/page.tsx [Server Component]

  Client Component SSR:
    ./app/(manager)/schedule/page.tsx [Client Component SSR]
    ./app/(manager)/schedule/page.tsx [Server Component] @ http://localhost:3000/_next/static/chunks/node_modules_next_dist_115brz8._.js:3318
[60740725ms] [ERROR] ./app/(manager)/schedule/page.tsx:60:47
the name `handleShiftUpdate` is defined multiple times
  58 |   }
  59 |
> 60 |   const { handleShiftMove, handleShiftCreate, handleShiftUpdate, handleShiftDelete, handleMarkSick } =
     |                                               ^^^^^^^^^^^^^^^^^
  61 |     useShiftMutations(schedule, setSchedule, orgId, employees)
  62 |
  63 |   const today = new Date().toISOString().split("T")[0]

Ecmascript file had an error

Import traces:
  Client Component Browser:
    ./app/(manager)/schedule/page.tsx [Client Component Browser]
    ./app/(manager)/schedule/page.tsx [Server Component]

  Client Component SSR:
    ./app/(manager)/schedule/page.tsx [Client Component SSR]
    ./app/(manager)/schedule/page.tsx [Server Component] @ http://localhost:3000/_next/static/chunks/node_modules_next_dist_115brz8._.js:3318
[60740827ms] [LOG] [Fast Refresh] rebuilding @ http://localhost:3000/_next/static/chunks/node_modules_next_dist_115brz8._.js:2477
[60740997ms] [ERROR] ./app/(manager)/schedule/page.tsx:60:85
the name `handleMarkSick` is defined multiple times
  58 |   }
  59 |
> 60 |   const { handleShiftMove, handleShiftCreate, handleShiftUpdate, handleShiftDelete, handleMarkSick } =
     |                                                                                     ^^^^^^^^^^^^^^
  61 |     useShiftMutations(schedule, setSchedule, orgId, employees)
  62 |
  63 |   const today = new Date().toISOString().split("T")[0]

Ecmascript file had an error

Import traces:
  Client Component Browser:
    ./app/(manager)/schedule/page.tsx [Client Component Browser]
    ./app/(manager)/schedule/page.tsx [Server Component]

  Client Component SSR:
    ./app/(manager)/schedule/page.tsx [Client Component SSR]
    ./app/(manager)/schedule/page.tsx [Server Component] @ http://localhost:3000/_next/static/chunks/node_modules_next_dist_115brz8._.js:3318
[60740997ms] [ERROR] ./app/(manager)/schedule/page.tsx:60:28
the name `handleShiftCreate` is defined multiple times
  58 |   }
  59 |
> 60 |   const { handleShiftMove, handleShiftCreate, handleShiftUpdate, handleShiftDelete, handleMarkSick } =
     |                            ^^^^^^^^^^^^^^^^^
  61 |     useShiftMutations(schedule, setSchedule, orgId, employees)
  62 |
  63 |   const today = new Date().toISOString().split("T")[0]

Ecmascript file had an error

Import traces:
  Client Component Browser:
    ./app/(manager)/schedule/page.tsx [Client Component Browser]
    ./app/(manager)/schedule/page.tsx [Server Component]

  Client Component SSR:
    ./app/(manager)/schedule/page.tsx [Client Component SSR]
    ./app/(manager)/schedule/page.tsx [Server Component] @ http://localhost:3000/_next/static/chunks/node_modules_next_dist_115brz8._.js:3318
[60740997ms] [ERROR] ./app/(manager)/schedule/page.tsx:60:66
the name `handleShiftDelete` is defined multiple times
  58 |   }
  59 |
> 60 |   const { handleShiftMove, handleShiftCreate, handleShiftUpdate, handleShiftDelete, handleMarkSick } =
     |                                                                  ^^^^^^^^^^^^^^^^^
  61 |     useShiftMutations(schedule, setSchedule, orgId, employees)
  62 |
  63 |   const today = new Date().toISOString().split("T")[0]

Ecmascript file had an error

Import traces:
  Client Component Browser:
    ./app/(manager)/schedule/page.tsx [Client Component Browser]
    ./app/(manager)/schedule/page.tsx [Server Component]

  Client Component SSR:
    ./app/(manager)/schedule/page.tsx [Client Component SSR]
    ./app/(manager)/schedule/page.tsx [Server Component] @ http://localhost:3000/_next/static/chunks/node_modules_next_dist_115brz8._.js:3318
[60740997ms] [ERROR] ./app/(manager)/schedule/page.tsx:60:11
the name `handleShiftMove` is defined multiple times
  58 |   }
  59 |
> 60 |   const { handleShiftMove, handleShiftCreate, handleShiftUpdate, handleShiftDelete, handleMarkSick } =
     |           ^^^^^^^^^^^^^^^
  61 |     useShiftMutations(schedule, setSchedule, orgId, employees)
  62 |
  63 |   const today = new Date().toISOString().split("T")[0]

Ecmascript file had an error

Import traces:
  Client Component Browser:
    ./app/(manager)/schedule/page.tsx [Client Component Browser]
    ./app/(manager)/schedule/page.tsx [Server Component]

  Client Component SSR:
    ./app/(manager)/schedule/page.tsx [Client Component SSR]
    ./app/(manager)/schedule/page.tsx [Server Component] @ http://localhost:3000/_next/static/chunks/node_modules_next_dist_115brz8._.js:3318
[60740997ms] [ERROR] ./app/(manager)/schedule/page.tsx:60:47
the name `handleShiftUpdate` is defined multiple times
  58 |   }
  59 |
> 60 |   const { handleShiftMove, handleShiftCreate, handleShiftUpdate, handleShiftDelete, handleMarkSick } =
     |                                               ^^^^^^^^^^^^^^^^^
  61 |     useShiftMutations(schedule, setSchedule, orgId, employees)
  62 |
  63 |   const today = new Date().toISOString().split("T")[0]

Ecmascript file had an error

Import traces:
  Client Component Browser:
    ./app/(manager)/schedule/page.tsx [Client Component Browser]
    ./app/(manager)/schedule/page.tsx [Server Component]

  Client Component SSR:
    ./app/(manager)/schedule/page.tsx [Client Component SSR]
    ./app/(manager)/schedule/page.tsx [Server Component] @ http://localhost:3000/_next/static/chunks/node_modules_next_dist_115brz8._.js:3318
[60741005ms] [ERROR] Failed to load resource: the server responded with a status of 500 (Internal Server Error) @ http://localhost:3000/schedule?_rsc=vsZjKQuDtNt_11Vq:0
[60741044ms] [ERROR] Failed to load resource: the server responded with a status of 500 (Internal Server Error) @ http://localhost:3000/schedule?_rsc=vsZjKQuDtNt_11Vq:0
[60741075ms] [ERROR] Failed to load resource: the server responded with a status of 500 (Internal Server Error) @ http://localhost:3000/schedule:0
[60741130ms] [ERROR] Refused to execute script from 'http://localhost:3000/_next/static/development/_clientMiddlewareManifest.js' because its MIME type ('application/json') is not executable, and strict MIME type checking is enabled. @ http://localhost:3000/schedule:0
[60741155ms] [INFO] %cDownload the React DevTools for a better development experience: https://react.dev/link/react-devtools font-weight:bold @ http://localhost:3000/_next/static/chunks/node_modules_react-dom_0bruynb._.js:15305
[60741197ms] Error: ./app/(manager)/schedule/page.tsx:60:85
the name `handleMarkSick` is defined multiple times
  58 |   }
  59 |
> 60 |   const { handleShiftMove, handleShiftCreate, handleShiftUpdate, handleShiftDelete, handleMarkSick } =
     |                                                                                     ^^^^^^^^^^^^^^
  61 |     useShiftMutations(schedule, setSchedule, orgId, employees)
  62 |
  63 |   const today = new Date().toISOString().split("T")[0]

Ecmascript file had an error

Import traces:
  Client Component Browser:
    ./app/(manager)/schedule/page.tsx [Client Component Browser]
    ./app/(manager)/schedule/page.tsx [Server Component]

  Client Component SSR:
    ./app/(manager)/schedule/page.tsx [Client Component SSR]
    ./app/(manager)/schedule/page.tsx [Server Component]


    at <unknown> (Error: ./app/(manager)/schedule/page.tsx:60:85)
    at Object.getCompilationErrors (file:///Users/caspergamborg/Desktop/skemaka/node_modules/next/dist/server/dev/hot-reloader-turbopack.js:1186:59)
    at DevBundlerService.getCompilationError (file:///Users/caspergamborg/Desktop/skemaka/node_modules/next/dist/server/lib/dev-bundler-service.js:44:55)
    at DevServer.getCompilationError (file:///Users/caspergamborg/Desktop/skemaka/node_modules/next/dist/server/dev/next-dev-server.js:720:42)
    at DevServer.findPageComponents (file:///Users/caspergamborg/Desktop/skemaka/node_modules/next/dist/server/dev/next-dev-server.js:690:43)
    at async DevServer.renderErrorToResponseImpl (file:///Users/caspergamborg/Desktop/skemaka/node_modules/next/dist/server/base-server.js:1753:26)
[60741191ms] [LOG] [HMR] connected @ http://localhost:3000/_next/static/chunks/node_modules_next_dist_0u_w_5s._.js:1226
[60741211ms] [ERROR] ./app/(manager)/schedule/page.tsx:60:85
the name `handleMarkSick` is defined multiple times
  58 |   }
  59 |
> 60 |   const { handleShiftMove, handleShiftCreate, handleShiftUpdate, handleShiftDelete, handleMarkSick } =
     |                                                                                     ^^^^^^^^^^^^^^
  61 |     useShiftMutations(schedule, setSchedule, orgId, employees)
  62 |
  63 |   const today = new Date().toISOString().split("T")[0]

Ecmascript file had an error

Import traces:
  Client Component Browser:
    ./app/(manager)/schedule/page.tsx [Client Component Browser]
    ./app/(manager)/schedule/page.tsx [Server Component]

  Client Component SSR:
    ./app/(manager)/schedule/page.tsx [Client Component SSR]
    ./app/(manager)/schedule/page.tsx [Server Component] @ http://localhost:3000/_next/static/chunks/node_modules_next_dist_0u_w_5s._.js:1945
[60741211ms] [ERROR] ./app/(manager)/schedule/page.tsx:60:28
the name `handleShiftCreate` is defined multiple times
  58 |   }
  59 |
> 60 |   const { handleShiftMove, handleShiftCreate, handleShiftUpdate, handleShiftDelete, handleMarkSick } =
     |                            ^^^^^^^^^^^^^^^^^
  61 |     useShiftMutations(schedule, setSchedule, orgId, employees)
  62 |
  63 |   const today = new Date().toISOString().split("T")[0]

Ecmascript file had an error

Import traces:
  Client Component Browser:
    ./app/(manager)/schedule/page.tsx [Client Component Browser]
    ./app/(manager)/schedule/page.tsx [Server Component]

  Client Component SSR:
    ./app/(manager)/schedule/page.tsx [Client Component SSR]
    ./app/(manager)/schedule/page.tsx [Server Component] @ http://localhost:3000/_next/static/chunks/node_modules_next_dist_0u_w_5s._.js:1945
[60741211ms] [ERROR] ./app/(manager)/schedule/page.tsx:60:66
the name `handleShiftDelete` is defined multiple times
  58 |   }
  59 |
> 60 |   const { handleShiftMove, handleShiftCreate, handleShiftUpdate, handleShiftDelete, handleMarkSick } =
     |                                                                  ^^^^^^^^^^^^^^^^^
  61 |     useShiftMutations(schedule, setSchedule, orgId, employees)
  62 |
  63 |   const today = new Date().toISOString().split("T")[0]

Ecmascript file had an error

Import traces:
  Client Component Browser:
    ./app/(manager)/schedule/page.tsx [Client Component Browser]
    ./app/(manager)/schedule/page.tsx [Server Component]

  Client Component SSR:
    ./app/(manager)/schedule/page.tsx [Client Component SSR]
    ./app/(manager)/schedule/page.tsx [Server Component] @ http://localhost:3000/_next/static/chunks/node_modules_next_dist_0u_w_5s._.js:1945
[60741211ms] [ERROR] ./app/(manager)/schedule/page.tsx:60:11
the name `handleShiftMove` is defined multiple times
  58 |   }
  59 |
> 60 |   const { handleShiftMove, handleShiftCreate, handleShiftUpdate, handleShiftDelete, handleMarkSick } =
     |           ^^^^^^^^^^^^^^^
  61 |     useShiftMutations(schedule, setSchedule, orgId, employees)
  62 |
  63 |   const today = new Date().toISOString().split("T")[0]

Ecmascript file had an error

Import traces:
  Client Component Browser:
    ./app/(manager)/schedule/page.tsx [Client Component Browser]
    ./app/(manager)/schedule/page.tsx [Server Component]

  Client Component SSR:
    ./app/(manager)/schedule/page.tsx [Client Component SSR]
    ./app/(manager)/schedule/page.tsx [Server Component] @ http://localhost:3000/_next/static/chunks/node_modules_next_dist_0u_w_5s._.js:1945
[60741211ms] [ERROR] ./app/(manager)/schedule/page.tsx:60:47
the name `handleShiftUpdate` is defined multiple times
  58 |   }
  59 |
> 60 |   const { handleShiftMove, handleShiftCreate, handleShiftUpdate, handleShiftDelete, handleMarkSick } =
     |                                               ^^^^^^^^^^^^^^^^^
  61 |     useShiftMutations(schedule, setSchedule, orgId, employees)
  62 |
  63 |   const today = new Date().toISOString().split("T")[0]

Ecmascript file had an error

Import traces:
  Client Component Browser:
    ./app/(manager)/schedule/page.tsx [Client Component Browser]
    ./app/(manager)/schedule/page.tsx [Server Component]

  Client Component SSR:
    ./app/(manager)/schedule/page.tsx [Client Component SSR]
    ./app/(manager)/schedule/page.tsx [Server Component] @ http://localhost:3000/_next/static/chunks/node_modules_next_dist_0u_w_5s._.js:1945
[60741268ms] [ERROR] ./app/(manager)/schedule/page.tsx:60:85
the name `handleMarkSick` is defined multiple times
  58 |   }
  59 |
> 60 |   const { handleShiftMove, handleShiftCreate, handleShiftUpdate, handleShiftDelete, handleMarkSick } =
     |                                                                                     ^^^^^^^^^^^^^^
  61 |     useShiftMutations(schedule, setSchedule, orgId, employees)
  62 |
  63 |   const today = new Date().toISOString().split("T")[0]

Ecmascript file had an error

Import traces:
  Client Component Browser:
    ./app/(manager)/schedule/page.tsx [Client Component Browser]
    ./app/(manager)/schedule/page.tsx [Server Component]

  Client Component SSR:
    ./app/(manager)/schedule/page.tsx [Client Component SSR]
    ./app/(manager)/schedule/page.tsx [Server Component] @ http://localhost:3000/_next/static/chunks/node_modules_next_dist_0u_w_5s._.js:1945
[60741268ms] [ERROR] ./app/(manager)/schedule/page.tsx:60:28
the name `handleShiftCreate` is defined multiple times
  58 |   }
  59 |
> 60 |   const { handleShiftMove, handleShiftCreate, handleShiftUpdate, handleShiftDelete, handleMarkSick } =
     |                            ^^^^^^^^^^^^^^^^^
  61 |     useShiftMutations(schedule, setSchedule, orgId, employees)
  62 |
  63 |   const today = new Date().toISOString().split("T")[0]

Ecmascript file had an error

Import traces:
  Client Component Browser:
    ./app/(manager)/schedule/page.tsx [Client Component Browser]
    ./app/(manager)/schedule/page.tsx [Server Component]

  Client Component SSR:
    ./app/(manager)/schedule/page.tsx [Client Component SSR]
    ./app/(manager)/schedule/page.tsx [Server Component] @ http://localhost:3000/_next/static/chunks/node_modules_next_dist_0u_w_5s._.js:1945
[60741268ms] [ERROR] ./app/(manager)/schedule/page.tsx:60:66
the name `handleShiftDelete` is defined multiple times
  58 |   }
  59 |
> 60 |   const { handleShiftMove, handleShiftCreate, handleShiftUpdate, handleShiftDelete, handleMarkSick } =
     |                                                                  ^^^^^^^^^^^^^^^^^
  61 |     useShiftMutations(schedule, setSchedule, orgId, employees)
  62 |
  63 |   const today = new Date().toISOString().split("T")[0]

Ecmascript file had an error

Import traces:
  Client Component Browser:
    ./app/(manager)/schedule/page.tsx [Client Component Browser]
    ./app/(manager)/schedule/page.tsx [Server Component]

  Client Component SSR:
    ./app/(manager)/schedule/page.tsx [Client Component SSR]
    ./app/(manager)/schedule/page.tsx [Server Component] @ http://localhost:3000/_next/static/chunks/node_modules_next_dist_0u_w_5s._.js:1945
[60741268ms] [ERROR] ./app/(manager)/schedule/page.tsx:60:11
the name `handleShiftMove` is defined multiple times
  58 |   }
  59 |
> 60 |   const { handleShiftMove, handleShiftCreate, handleShiftUpdate, handleShiftDelete, handleMarkSick } =
     |           ^^^^^^^^^^^^^^^
  61 |     useShiftMutations(schedule, setSchedule, orgId, employees)
  62 |
  63 |   const today = new Date().toISOString().split("T")[0]

Ecmascript file had an error

Import traces:
  Client Component Browser:
    ./app/(manager)/schedule/page.tsx [Client Component Browser]
    ./app/(manager)/schedule/page.tsx [Server Component]

  Client Component SSR:
    ./app/(manager)/schedule/page.tsx [Client Component SSR]
    ./app/(manager)/schedule/page.tsx [Server Component] @ http://localhost:3000/_next/static/chunks/node_modules_next_dist_0u_w_5s._.js:1945
[60741268ms] [ERROR] ./app/(manager)/schedule/page.tsx:60:47
the name `handleShiftUpdate` is defined multiple times
  58 |   }
  59 |
> 60 |   const { handleShiftMove, handleShiftCreate, handleShiftUpdate, handleShiftDelete, handleMarkSick } =
     |                                               ^^^^^^^^^^^^^^^^^
  61 |     useShiftMutations(schedule, setSchedule, orgId, employees)
  62 |
  63 |   const today = new Date().toISOString().split("T")[0]

Ecmascript file had an error

Import traces:
  Client Component Browser:
    ./app/(manager)/schedule/page.tsx [Client Component Browser]
    ./app/(manager)/schedule/page.tsx [Server Component]

  Client Component SSR:
    ./app/(manager)/schedule/page.tsx [Client Component SSR]
    ./app/(manager)/schedule/page.tsx [Server Component] @ http://localhost:3000/_next/static/chunks/node_modules_next_dist_0u_w_5s._.js:1945
[60741304ms] [LOG] [Fast Refresh] rebuilding @ http://localhost:3000/_next/static/chunks/node_modules_next_dist_0u_w_5s._.js:1226
[60741389ms] [ERROR] ./app/(manager)/schedule/page.tsx:60:85
the name `handleMarkSick` is defined multiple times
  58 |   }
  59 |
> 60 |   const { handleShiftMove, handleShiftCreate, handleShiftUpdate, handleShiftDelete, handleMarkSick } =
     |                                                                                     ^^^^^^^^^^^^^^
  61 |     useShiftMutations(schedule, setSchedule, orgId, employees)
  62 |
  63 |   const today = new Date().toISOString().split("T")[0]

Ecmascript file had an error

Import traces:
  Client Component Browser:
    ./app/(manager)/schedule/page.tsx [Client Component Browser]
    ./app/(manager)/schedule/page.tsx [Server Component]

  Client Component SSR:
    ./app/(manager)/schedule/page.tsx [Client Component SSR]
    ./app/(manager)/schedule/page.tsx [Server Component] @ http://localhost:3000/_next/static/chunks/node_modules_next_dist_0u_w_5s._.js:1945
[60741389ms] [ERROR] ./app/(manager)/schedule/page.tsx:60:28
the name `handleShiftCreate` is defined multiple times
  58 |   }
  59 |
> 60 |   const { handleShiftMove, handleShiftCreate, handleShiftUpdate, handleShiftDelete, handleMarkSick } =
     |                            ^^^^^^^^^^^^^^^^^
  61 |     useShiftMutations(schedule, setSchedule, orgId, employees)
  62 |
  63 |   const today = new Date().toISOString().split("T")[0]

Ecmascript file had an error

Import traces:
  Client Component Browser:
    ./app/(manager)/schedule/page.tsx [Client Component Browser]
    ./app/(manager)/schedule/page.tsx [Server Component]

  Client Component SSR:
    ./app/(manager)/schedule/page.tsx [Client Component SSR]
    ./app/(manager)/schedule/page.tsx [Server Component] @ http://localhost:3000/_next/static/chunks/node_modules_next_dist_0u_w_5s._.js:1945
[60741389ms] [ERROR] ./app/(manager)/schedule/page.tsx:60:66
the name `handleShiftDelete` is defined multiple times
  58 |   }
  59 |
> 60 |   const { handleShiftMove, handleShiftCreate, handleShiftUpdate, handleShiftDelete, handleMarkSick } =
     |                                                                  ^^^^^^^^^^^^^^^^^
  61 |     useShiftMutations(schedule, setSchedule, orgId, employees)
  62 |
  63 |   const today = new Date().toISOString().split("T")[0]

Ecmascript file had an error

Import traces:
  Client Component Browser:
    ./app/(manager)/schedule/page.tsx [Client Component Browser]
    ./app/(manager)/schedule/page.tsx [Server Component]

  Client Component SSR:
    ./app/(manager)/schedule/page.tsx [Client Component SSR]
    ./app/(manager)/schedule/page.tsx [Server Component] @ http://localhost:3000/_next/static/chunks/node_modules_next_dist_0u_w_5s._.js:1945
[60741389ms] [ERROR] ./app/(manager)/schedule/page.tsx:60:11
the name `handleShiftMove` is defined multiple times
  58 |   }
  59 |
> 60 |   const { handleShiftMove, handleShiftCreate, handleShiftUpdate, handleShiftDelete, handleMarkSick } =
     |           ^^^^^^^^^^^^^^^
  61 |     useShiftMutations(schedule, setSchedule, orgId, employees)
  62 |
  63 |   const today = new Date().toISOString().split("T")[0]

Ecmascript file had an error

Import traces:
  Client Component Browser:
    ./app/(manager)/schedule/page.tsx [Client Component Browser]
    ./app/(manager)/schedule/page.tsx [Server Component]

  Client Component SSR:
    ./app/(manager)/schedule/page.tsx [Client Component SSR]
    ./app/(manager)/schedule/page.tsx [Server Component] @ http://localhost:3000/_next/static/chunks/node_modules_next_dist_0u_w_5s._.js:1945
[60741389ms] [ERROR] ./app/(manager)/schedule/page.tsx:60:47
the name `handleShiftUpdate` is defined multiple times
  58 |   }
  59 |
> 60 |   const { handleShiftMove, handleShiftCreate, handleShiftUpdate, handleShiftDelete, handleMarkSick } =
     |                                               ^^^^^^^^^^^^^^^^^
  61 |     useShiftMutations(schedule, setSchedule, orgId, employees)
  62 |
  63 |   const today = new Date().toISOString().split("T")[0]

Ecmascript file had an error

Import traces:
  Client Component Browser:
    ./app/(manager)/schedule/page.tsx [Client Component Browser]
    ./app/(manager)/schedule/page.tsx [Server Component]

  Client Component SSR:
    ./app/(manager)/schedule/page.tsx [Client Component SSR]
    ./app/(manager)/schedule/page.tsx [Server Component] @ http://localhost:3000/_next/static/chunks/node_modules_next_dist_0u_w_5s._.js:1945
[60741459ms] [LOG] [Fast Refresh] rebuilding @ http://localhost:3000/_next/static/chunks/node_modules_next_dist_0u_w_5s._.js:1226
[60745997ms] [LOG] [Fast Refresh] rebuilding @ http://localhost:3000/_next/static/chunks/node_modules_next_dist_0u_w_5s._.js:1226
[60746045ms] [LOG] [Fast Refresh] done in 35ms @ http://localhost:3000/_next/static/chunks/node_modules_next_dist_0u_w_5s._.js:1226
[60746157ms] [LOG] [Fast Refresh] rebuilding @ http://localhost:3000/_next/static/chunks/node_modules_next_dist_0u_w_5s._.js:1226
[60746169ms] [LOG] [Fast Refresh] done in 114ms @ http://localhost:3000/_next/static/chunks/node_modules_next_dist_0u_w_5s._.js:1226
[60746334ms] [INFO] %cDownload the React DevTools for a better development experience: https://react.dev/link/react-devtools font-weight:bold @ http://localhost:3000/_next/static/chunks/node_modules_next_dist_115brz8._.js:2477
[60746346ms] [LOG] [HMR] connected @ http://localhost:3000/_next/static/chunks/node_modules_next_dist_115brz8._.js:2477
[61237311ms] [LOG] [Fast Refresh] rebuilding @ http://localhost:3000/_next/static/chunks/node_modules_next_dist_115brz8._.js:2477
[61237388ms] [LOG] [Fast Refresh] done in 59ms @ http://localhost:3000/_next/static/chunks/node_modules_next_dist_115brz8._.js:2477
[61243659ms] [LOG] [Fast Refresh] rebuilding @ http://localhost:3000/_next/static/chunks/node_modules_next_dist_115brz8._.js:2477
[61243706ms] [LOG] [Fast Refresh] done in 37ms @ http://localhost:3000/_next/static/chunks/node_modules_next_dist_115brz8._.js:2477
[61255039ms] [LOG] [Fast Refresh] rebuilding @ http://localhost:3000/_next/static/chunks/node_modules_next_dist_115brz8._.js:2477
[61255103ms] [LOG] [Fast Refresh] done in 35ms @ http://localhost:3000/_next/static/chunks/node_modules_next_dist_115brz8._.js:2477
