[      87ms] [INFO] %cDownload the React DevTools for a better development experience: https://react.dev/link/react-devtools font-weight:bold @ http://localhost:3000/_next/static/chunks/09r7_next_dist_0x9v~yo._.js:2477
[      97ms] [LOG] [HMR] connected @ http://localhost:3000/_next/static/chunks/09r7_next_dist_0x9v~yo._.js:2477
[  229559ms] [LOG] [Fast Refresh] rebuilding @ http://localhost:3000/_next/static/chunks/09r7_next_dist_0x9v~yo._.js:2477
[  229589ms] [LOG] [Fast Refresh] done in 131ms @ http://localhost:3000/_next/static/chunks/09r7_next_dist_0x9v~yo._.js:2477
[  234650ms] [LOG] [Fast Refresh] rebuilding @ http://localhost:3000/_next/static/chunks/09r7_next_dist_0x9v~yo._.js:2477
[  234811ms] [LOG] [Fast Refresh] done in 243ms @ http://localhost:3000/_next/static/chunks/09r7_next_dist_0x9v~yo._.js:2477
[  238399ms] [LOG] [Fast Refresh] rebuilding @ http://localhost:3000/_next/static/chunks/09r7_next_dist_0x9v~yo._.js:2477
[  238438ms] [LOG] [Fast Refresh] done in 141ms @ http://localhost:3000/_next/static/chunks/09r7_next_dist_0x9v~yo._.js:2477
[  238883ms] [LOG] [Fast Refresh] rebuilding @ http://localhost:3000/_next/static/chunks/09r7_next_dist_0x9v~yo._.js:2477
[  238889ms] [LOG] [Fast Refresh] done in 107ms @ http://localhost:3000/_next/static/chunks/09r7_next_dist_0x9v~yo._.js:2477
[  241888ms] [LOG] [Fast Refresh] rebuilding @ http://localhost:3000/_next/static/chunks/09r7_next_dist_0x9v~yo._.js:2477
[  242303ms] [LOG] [Fast Refresh] done in 514ms @ http://localhost:3000/_next/static/chunks/09r7_next_dist_0x9v~yo._.js:2477
[  245865ms] [LOG] [Fast Refresh] rebuilding @ http://localhost:3000/_next/static/chunks/09r7_next_dist_0x9v~yo._.js:2477
[  245887ms] [LOG] [Fast Refresh] done in 77ms @ http://localhost:3000/_next/static/chunks/09r7_next_dist_0x9v~yo._.js:2477
[  263517ms] [LOG] [Fast Refresh] rebuilding @ http://localhost:3000/_next/static/chunks/09r7_next_dist_0x9v~yo._.js:2477
[  263557ms] [LOG] [Fast Refresh] done in 141ms @ http://localhost:3000/_next/static/chunks/09r7_next_dist_0x9v~yo._.js:2477
[  272105ms] [LOG] [Fast Refresh] rebuilding @ http://localhost:3000/_next/static/chunks/09r7_next_dist_0x9v~yo._.js:2477
[  272157ms] [LOG] [Fast Refresh] done in 154ms @ http://localhost:3000/_next/static/chunks/09r7_next_dist_0x9v~yo._.js:2477
[  274962ms] [LOG] [Fast Refresh] rebuilding @ http://localhost:3000/_next/static/chunks/09r7_next_dist_0x9v~yo._.js:2477
[  275977ms] [LOG] [Fast Refresh] done in 1116ms @ http://localhost:3000/_next/static/chunks/09r7_next_dist_0x9v~yo._.js:2477
[  312596ms] [LOG] [Fast Refresh] rebuilding @ http://localhost:3000/_next/static/chunks/09r7_next_dist_0x9v~yo._.js:2477
[  312825ms] [LOG] [Fast Refresh] done in 330ms @ http://localhost:3000/_next/static/chunks/09r7_next_dist_0x9v~yo._.js:2477
[  372318ms] [LOG] [Fast Refresh] rebuilding @ http://localhost:3000/_next/static/chunks/09r7_next_dist_0x9v~yo._.js:2477
[  372466ms] [LOG] [Fast Refresh] done in 241ms @ http://localhost:3000/_next/static/chunks/09r7_next_dist_0x9v~yo._.js:2477
[  372567ms] [LOG] [Fast Refresh] rebuilding @ http://localhost:3000/_next/static/chunks/09r7_next_dist_0x9v~yo._.js:2477
[  372693ms] [LOG] [Fast Refresh] done in 226ms @ http://localhost:3000/_next/static/chunks/09r7_next_dist_0x9v~yo._.js:2477
[  372765ms] [LOG] [Fast Refresh] rebuilding @ http://localhost:3000/_next/static/chunks/09r7_next_dist_0x9v~yo._.js:2477
[  372770ms] [LOG] [Fast Refresh] done in 33ms @ http://localhost:3000/_next/static/chunks/09r7_next_dist_0x9v~yo._.js:2477
[  372872ms] [LOG] [Fast Refresh] rebuilding @ http://localhost:3000/_next/static/chunks/09r7_next_dist_0x9v~yo._.js:2477
[  372889ms] [LOG] [Fast Refresh] done in 118ms @ http://localhost:3000/_next/static/chunks/09r7_next_dist_0x9v~yo._.js:2477
[  373205ms] [LOG] [Fast Refresh] rebuilding @ http://localhost:3000/_next/static/chunks/09r7_next_dist_0x9v~yo._.js:2477
[  373209ms] [LOG] [Fast Refresh] done in 106ms @ http://localhost:3000/_next/static/chunks/09r7_next_dist_0x9v~yo._.js:2477
[  373439ms] [LOG] [Fast Refresh] rebuilding @ http://localhost:3000/_next/static/chunks/09r7_next_dist_0x9v~yo._.js:2477
[  373461ms] [LOG] [Fast Refresh] done in 123ms @ http://localhost:3000/_next/static/chunks/09r7_next_dist_0x9v~yo._.js:2477
[  373966ms] [LOG] [Fast Refresh] rebuilding @ http://localhost:3000/_next/static/chunks/09r7_next_dist_0x9v~yo._.js:2477
[  373969ms] [LOG] [Fast Refresh] done in 40ms @ http://localhost:3000/_next/static/chunks/09r7_next_dist_0x9v~yo._.js:2477
[  374122ms] [LOG] [Fast Refresh] rebuilding @ http://localhost:3000/_next/static/chunks/09r7_next_dist_0x9v~yo._.js:2477
[  374130ms] [LOG] [Fast Refresh] done in 109ms @ http://localhost:3000/_next/static/chunks/09r7_next_dist_0x9v~yo._.js:2477
[  479739ms] [LOG] [Fast Refresh] rebuilding @ http://localhost:3000/_next/static/chunks/09r7_next_dist_0x9v~yo._.js:2477
[  479743ms] [LOG] [Fast Refresh] done in 49ms @ http://localhost:3000/_next/static/chunks/09r7_next_dist_0x9v~yo._.js:2477
[  479949ms] [LOG] [Fast Refresh] rebuilding @ http://localhost:3000/_next/static/chunks/09r7_next_dist_0x9v~yo._.js:2477
[  480009ms] [LOG] [Fast Refresh] done in 161ms @ http://localhost:3000/_next/static/chunks/09r7_next_dist_0x9v~yo._.js:2477
[  480063ms] [LOG] [Fast Refresh] rebuilding @ http://localhost:3000/_next/static/chunks/09r7_next_dist_0x9v~yo._.js:2477
[  480066ms] [LOG] [Fast Refresh] done in 30ms @ http://localhost:3000/_next/static/chunks/09r7_next_dist_0x9v~yo._.js:2477
[  480228ms] [LOG] [Fast Refresh] rebuilding @ http://localhost:3000/_next/static/chunks/09r7_next_dist_0x9v~yo._.js:2477
[  480288ms] [LOG] [Fast Refresh] done in 33ms @ http://localhost:3000/_next/static/chunks/09r7_next_dist_0x9v~yo._.js:2477
[  480398ms] [LOG] [Fast Refresh] rebuilding @ http://localhost:3000/_next/static/chunks/09r7_next_dist_0x9v~yo._.js:2477
[  480406ms] [LOG] [Fast Refresh] done in 109ms @ http://localhost:3000/_next/static/chunks/09r7_next_dist_0x9v~yo._.js:2477
[  485408ms] [ERROR] WebSocket connection to 'ws://localhost:3000/_next/webpack-hmr?id=wsBuIlnQVtXXn15y8jh2L' failed: Error in connection establishment: net::ERR_CONNECTION_REFUSED @ http://localhost:3000/_next/static/chunks/09r7_next_dist_client_0n46x19._.js:13322
[  487160ms] [LOG] [HMR] connected @ http://localhost:3000/_next/static/chunks/09r7_next_dist_0x9v~yo._.js:2477
[  488380ms] [INFO] %cDownload the React DevTools for a better development experience: https://react.dev/link/react-devtools font-weight:bold @ http://localhost:3000/_next/static/chunks/09r7_next_dist_0x9v~yo._.js:2477
[  488415ms] [LOG] [HMR] connected @ http://localhost:3000/_next/static/chunks/09r7_next_dist_0x9v~yo._.js:2477
[  615935ms] [LOG] [Fast Refresh] rebuilding @ http://localhost:3000/_next/static/chunks/09r7_next_dist_0x9v~yo._.js:2477
[  616448ms] [LOG] [Fast Refresh] done in 579ms @ http://localhost:3000/_next/static/chunks/09r7_next_dist_0x9v~yo._.js:2477
[  638304ms] [VERBOSE] [DOM] Password field is not contained in a form: (More info: https://goo.gl/9p2vKq) %o @ https://accounts.google.com/v3/signin/identifier?opparams=%253F&dsh=S2130753074%3A1779442269466689&client_id=658477791800-u6aod784dbh2pkfm3q7k0cmu9iklt2of.apps.googleusercontent.com&o2v=2&redirect_uri=http%3A%2F%2Flocalhost%3A3000%2Fapi%2Fauth%2Fcallback%2Fgoogle&response_type=code&scope=openid+profile+email&service=lso&state=eyJhbGciOiJkaXIiLCJlbmMiOiJBMjU2Q0JDLUhTNTEyIiwia2lkIjoiM1MtSnhCSTZJWDRpYVVEZDJqTWJ3R3Z5bEZXNWRZQlMtYkMzMFpZcjRhODc3VmFacHRHdUZnb1VwOFMtdENUekpJU1FUanVPNzM4RG55UHV2dm9oZWcifQ..hVYxtdmGqo75LUo30ZxNlg.LnRmemIkpGZGrrDQ0QASKDLjqYtL0nta4k7axtaw8cC5zqzUMAmuyXEMuwM2Kg75jAuNEBCYh-7Busv52LNT54_m_y6TJ8SlTrqVXszsKgVbasUVMIz8UMF79-m2wS8MLYq9cj_1Y7HGAcVm0quyKt3UIDaQgYsbOa3xiiHP08Z9uArA34oDrBnJX4QNx0_w.-GwBM9yn452PY-3ZRMFsgwOsQipzTF0ZPCrxd0vnGss&flowName=GeneralOAuthFlow&continue=https%3A%2F%2Faccounts.google.com%2Fsignin%2Foauth%2Fconsent%3Fauthuser%3Dunknown%26part%3DAJi8hANuEzSVGOWK2OmBQ5xwkQAuSTF5-nnowHanO_ObCmLds_j5951f5-4iP7K7nTkjUk7uKINOrUCj15pgW8RysOltPVgPKWlHAr9EbsendVisW8hT5QLz5k5Ad2hVGMP_AQN5I3hIc8BRbNYEPrcdnj3j4Anxn3_qihi2d01e3C961CB247DGSGEjzO4IoYbNsQiCpeiBBa5x4C1JGQ27k93XVifYs-L6CU5zM7zr4oi1Od-W4D-yaXF7mfRKh4ZjjlCIDBsm14z_Ql8RcgAdnLoX-AM8EdL10kH7Dd6mdidekl6OWMS0Y5bj0BuaKcSGwAKwaRz0UBy6ehsS08fx8CEWQux5Dk1Kter4bjhvpJsDlgQu9FmdntJdDTcQ4hkWAn8ahRFinR6jLLSz42Eq9PdDxUXbT8f8oE6nHQtdndo40JBtB9Ex8IzxBn6WtRECAj7Ist4L9xdO2hyyBUsiLETcb1JiuQ%26flowName%3DGeneralOAuthFlow%26as%3DS2130753074%253A1779442269466689%26client_id%3D658477791800-u6aod784dbh2pkfm3q7k0cmu9iklt2of.apps.googleusercontent.com%26requestPath%3D%252Fsignin%252Foauth%252Fconsent%23&app_domain=http%3A%2F%2Flocalhost%3A3000&rart=ANgoxcd19FiJGAcNPKmbFELhATH783llQaFtg5mCWZkVX8ZQj82bxECZ6Th_wylqwaLO3RmBFVe6lVZhwunZK3smmoHuwqpc8gU6JxyNIXTKlV2QXgtgblc:0
[  638309ms] [LOG] %c%s color: red; background: yellow; font-size: 24px; ADVARSEL! @ https://www.gstatic.com/_/mss/boq-identity/_/js/k=boq-identity.AccountsSignInUi.da.UIRYnEFM73A.es5.O/am=iW8AAACE4hwhA4D__38DAAggiA74ngVoAoQMAAAAAAAAAABYAAAAjQ/d=1/excm=_b,_tp,identifierview/ed=1/dg=0/wt=2/ujg=1/rs=AOaEmlGDRrU3nWdqLQnlig4-exOwxJgfLw/dti=1/m=_b,_tp:545
[  638309ms] [LOG] %c%s font-size: 18px; Ved at bruge denne konsol giver du hackere mulighed for at stjæle dine oplysninger ved hjælp af et angreb kaldet Self-XSS.
Lad være med angive eller indsætte kode, som du ikke forstår. @ https://www.gstatic.com/_/mss/boq-identity/_/js/k=boq-identity.AccountsSignInUi.da.UIRYnEFM73A.es5.O/am=iW8AAACE4hwhA4D__38DAAggiA74ngVoAoQMAAAAAAAAAABYAAAAjQ/d=1/excm=_b,_tp,identifierview/ed=1/dg=0/wt=2/ujg=1/rs=AOaEmlGDRrU3nWdqLQnlig4-exOwxJgfLw/dti=1/m=_b,_tp:545
